// Jest Snapshot v1, https://goo.gl/fbAQLP

exports[`<Participant /> renders the UI as expected 1`] = `
<div
  className="Participant"
>
  <img
    alt="participant avatar"
    src="https://robohash.org/doloredolorescupiditate.jpg?size=200x200&set=set1"
  />
  <p>
    Caty Flucker
  </p>
  <div
    className="inSession"
  />
  <div
    className="onStage"
  />
</div>
`;
